
Running 5 tests using 4 workers

[1A[2K[1/5] [chromium] ??tests\e2e\basic.spec.js:10:1 ??navigation to create group
[1A[2K  1) [chromium] ??tests\e2e\basic.spec.js:10:1 ??navigation to create group ????????????????????????

    Error: browserType.launch: Executable doesn't exist at C:\Users\USER\AppData\Local\ms-playwright\chromium_headless_shell-1200\chrome-headless-shell-win64\chrome-headless-shell.exe
    ????????????????????????????????????????????????????????????????????????????    ??Looks like Playwright Test or Playwright was just installed or updated. ??    ??Please run the following command to download new browsers:              ??    ??                                                                        ??    ??    npx playwright install                                              ??    ??                                                                        ??    ??<3 Playwright Team                                                      ??    ????????????????????????????????????????????????????????????????????????????

[1A[2K[2/5] [chromium] ??tests\e2e\auth.spec.ts:8:5 ??Authentication Flow ??should display login form elements
[1A[2K[3/5] [chromium] ??tests\e2e\basic.spec.js:3:1 ??has title
[1A[2K[4/5] [chromium] ??tests\e2e\auth.spec.ts:14:5 ??Authentication Flow ??should toggle between login and register
[1A[2K  2) [chromium] ??tests\e2e\auth.spec.ts:8:5 ??Authentication Flow ??should display login form elements 

    Error: browserType.launch: Executable doesn't exist at C:\Users\USER\AppData\Local\ms-playwright\chromium_headless_shell-1200\chrome-headless-shell-win64\chrome-headless-shell.exe
    ????????????????????????????????????????????????????????????????????????????    ??Looks like Playwright Test or Playwright was just installed or updated. ??    ??Please run the following command to download new browsers:              ??    ??                                                                        ??    ??    npx playwright install                                              ??    ??                                                                        ??    ??<3 Playwright Team                                                      ??    ????????????????????????????????????????????????????????????????????????????

[1A[2K  3) [chromium] ??tests\e2e\basic.spec.js:3:1 ??has title ??????????????????????????????????????????

    Error: browserType.launch: Executable doesn't exist at C:\Users\USER\AppData\Local\ms-playwright\chromium_headless_shell-1200\chrome-headless-shell-win64\chrome-headless-shell.exe
    ????????????????????????????????????????????????????????????????????????????    ??Looks like Playwright Test or Playwright was just installed or updated. ??    ??Please run the following command to download new browsers:              ??    ??                                                                        ??    ??    npx playwright install                                              ??    ??                                                                        ??    ??<3 Playwright Team                                                      ??    ????????????????????????????????????????????????????????????????????????????

[1A[2K  4) [chromium] ??tests\e2e\auth.spec.ts:14:5 ??Authentication Flow ??should toggle between login and register 

    Error: browserType.launch: Executable doesn't exist at C:\Users\USER\AppData\Local\ms-playwright\chromium_headless_shell-1200\chrome-headless-shell-win64\chrome-headless-shell.exe
    ????????????????????????????????????????????????????????????????????????????    ??Looks like Playwright Test or Playwright was just installed or updated. ??    ??Please run the following command to download new browsers:              ??    ??                                                                        ??    ??    npx playwright install                                              ??    ??                                                                        ??    ??<3 Playwright Team                                                      ??    ????????????????????????????????????????????????????????????????????????????

[1A[2K[5/5] [chromium] ??tests\e2e\group.spec.ts:4:5 ??Group Management ??guest should be redirected to login when accessing create page
[1A[2K  5) [chromium] ??tests\e2e\group.spec.ts:4:5 ??Group Management ??guest should be redirected to login when accessing create page 

    Error: browserType.launch: Executable doesn't exist at C:\Users\USER\AppData\Local\ms-playwright\chromium_headless_shell-1200\chrome-headless-shell-win64\chrome-headless-shell.exe
    ????????????????????????????????????????????????????????????????????????????    ??Looks like Playwright Test or Playwright was just installed or updated. ??    ??Please run the following command to download new browsers:              ??    ??                                                                        ??    ??    npx playwright install                                              ??    ??                                                                        ??    ??<3 Playwright Team                                                      ??    ????????????????????????????????????????????????????????????????????????????

[1A[2K  5 failed
    [chromium] ??tests\e2e\auth.spec.ts:8:5 ??Authentication Flow ??should display login form elements 
    [chromium] ??tests\e2e\auth.spec.ts:14:5 ??Authentication Flow ??should toggle between login and register 
    [chromium] ??tests\e2e\basic.spec.js:3:1 ??has title ???????????????????????????????????????????
    [chromium] ??tests\e2e\basic.spec.js:10:1 ??navigation to create group ?????????????????????????
    [chromium] ??tests\e2e\group.spec.ts:4:5 ??Group Management ??guest should be redirected to login when accessing create page 

[36m  Serving HTML report at http://localhost:63585. Press Ctrl+C to quit.[39m
