src/stores/groupStore.ts(16,30): error TS2769: No overload matches this call.
  Overload 1 of 2, '(id: "group", options: Omit<DefineStoreOptions<"group", GroupState, {}, {}>, "id">): StoreDefinition<"group", GroupState, {}, {}>', gave the following error.
    Object literal may only specify known properties, and 'paths' does not exist in type 'PersistenceOptions<GroupState> | PersistenceOptions<GroupState>[]'.
  Overload 2 of 2, '(id: "group", storeSetup: (helpers: SetupStoreHelpers) => unknown, options?: DefineSetupStoreOptions<"group", Pick<unknown, never>, Pick<unknown, never>, Pick<unknown, never>> | undefined): StoreDefinition<...>', gave the following error.
    Object literal may only specify known properties, and 'state' does not exist in type '(helpers: SetupStoreHelpers) => unknown'.
src/stores/groupStore.ts(17,29): error TS2741: Property 'error' is missing in type '{ groups: never[]; loading: false; lastDoc: null; hasMore: true; searchQuery: string; }' but required in type 'GroupState'.
src/stores/groupStore.ts(83,20): error TS2339: Property 'fetchGroups' does not exist on type '{ groups: { id?: string | undefined; title: string; description: string; serviceName: string; price: number; slots: number; hostId: string; hostName: string; hostAvatar?: string | undefined; status: "OPEN" | ... 1 more ... | "FULL"; createdAt?: Date | ... 1 more ... | undefined; }[]; ... 4 more ...; searchQuery: str...'.
src/views/ChatRoomView.vue(126,22): error TS2339: Property 'updateGroupStatus' does not exist on type 'Store<"group", GroupState, {}, {}>'.
src/views/CreateGroupView.vue(147,22): error TS2339: Property 'addGroup' does not exist on type 'Store<"group", GroupState, {}, {}>'.
src/views/GroupDetailView.vue(257,22): error TS2339: Property 'deleteGroup' does not exist on type 'Store<"group", GroupState, {}, {}>'.
src/views/GroupDetailView.vue(268,22): error TS2339: Property 'updateGroupStatus' does not exist on type 'Store<"group", GroupState, {}, {}>'.
src/views/HomeView.vue(169,38): error TS2339: Property 'searchQuery' does not exist on type '{ groupStore: Store<"group", GroupState, {}, {}>; filteredGroups: { id?: string | undefined; title: string; description: string; serviceName: string; price: number; ... 5 more ...; createdAt?: Date | ... 1 more ... | undefined; }[]; ... 29 more ...; $tm<Key extends string, DefinedLocaleMessage extends RemovedIndexRe...'.
src/views/HomeView.vue(169,54): error TS2339: Property 'debouncedQuery' does not exist on type '{ groupStore: Store<"group", GroupState, {}, {}>; filteredGroups: { id?: string | undefined; title: string; description: string; serviceName: string; price: number; ... 5 more ...; createdAt?: Date | ... 1 more ... | undefined; }[]; ... 29 more ...; $tm<Key extends string, DefinedLocaleMessage extends RemovedIndexRe...'.
src/views/HomeView.vue(175,30): error TS2339: Property 'fetchNextPage' does not exist on type 'Store<"group", GroupState, {}, {}>'.
src/views/HomeView.vue(242,14): error TS2339: Property 'fetchGroups' does not exist on type 'Store<"group", GroupState, {}, {}>'.
src/views/HomeView.vue(254,14): error TS2339: Property 'fetchGroups' does not exist on type 'Store<"group", GroupState, {}, {}>'.
